Новый запуск игры.
Создан загрузчик словаря
Начинаю загрузку слов из файла: words_ru.txt
WordleDictionaryLoader-readWordsFromFile
Обработано строк: 67763, добавлено слов: 67763
Прочитано строк из файла: 67763
processWords start
Подходящих слов: 4159
После обработки (5 букв): 4139
Словарь создан
Словарь создан
WordleDictionary - getRandomWord Выбрано случайное слово
WordleGame Игра создана
Ввели: 
WordleGame Первая подсказка
WordleDictionary - getRandomWord Выбрано случайное слово
Подсказка: чепан
Ввели: 
WordleGame Первая подсказка
WordleDictionary - getRandomWord Выбрано случайное слово
Подсказка: сноха
Ввели: 
WordleGame Первая подсказка
WordleDictionary - getRandomWord Выбрано случайное слово
Подсказка: алчба
Ввели: 
WordleGame Первая подсказка
Новый запуск игры.
Создан загрузчик словаря
Начинаю загрузку слов из файла: words_ru.txt
WordleDictionaryLoader-readWordsFromFile
Обработано строк: 67763, добавлено слов: 67763
Прочитано строк из файла: 67763
processWords start
Подходящих слов: 4159
После обработки (5 букв): 4139
Словарь создан
Словарь создан
WordleDictionary - getRandomWord Выбрано случайное слово
WordleGame Игра создана
Новый запуск игры.
Создан загрузчик словаря
Начинаю загрузку слов из файла: words_ru.txt
WordleDictionaryLoader-readWordsFromFile
Обработано строк: 67763, добавлено слов: 67763
Прочитано строк из файла: 67763
processWords start
Подходящих слов: 4159
После обработки (5 букв): 4139
Словарь создан
Словарь создан
WordleDictionary - getRandomWord Выбрано случайное слово
WordleGame Игра создана
Новый запуск игры.
Создан загрузчик словаря
Начинаю загрузку слов из файла: words_ru.txt
WordleDictionaryLoader-readWordsFromFile
Обработано строк: 67763, добавлено слов: 67763
Прочитано строк из файла: 67763
processWords start
Подходящих слов: 4159
После обработки (5 букв): 4139
Словарь создан
Словарь создан
WordleDictionary - getRandomWord Выбрано случайное слово
WordleGame Игра создана
Ввели: 
WordleGame Первая подсказка
WordleDictionary - getRandomWord Выбрано случайное слово
Подсказка: валух
Ввели: 
WordleGame Первая подсказка
WordleDictionary - getRandomWord Выбрано случайное слово
Подсказка: клише
Ввели: 
WordleGame Первая подсказка
WordleDictionary - getRandomWord Выбрано случайное слово
Подсказка: скрип
Ввели: 
WordleGame Первая подсказка
WordleDictionary - getRandomWord Выбрано случайное слово
Подсказка: комма
Ввели: 
WordleGame Первая подсказка
WordleDictionary - getRandomWord Выбрано случайное слово
Подсказка: чарка
Ввели: 
WordleGame Первая подсказка
WordleDictionary - getRandomWord Выбрано случайное слово
Подсказка: навис
Ввели: 
WordleGame Первая подсказка
WordleDictionary - getRandomWord Выбрано случайное слово
Подсказка: рыжий
Ввели: 
WordleGame Первая подсказка
WordleDictionary - getRandomWord Выбрано случайное слово
Подсказка: ногай
Ввели: 
WordleGame Первая подсказка
WordleDictionary - getRandomWord Выбрано случайное слово
Подсказка: битый
Ввели: 
WordleGame Первая подсказка
WordleDictionary - getRandomWord Выбрано случайное слово
Подсказка: цуцик
Ввели: 
WordleGame Первая подсказка
WordleDictionary - getRandomWord Выбрано случайное слово
Подсказка: сенаж
Ввели: 
WordleGame Первая подсказка
WordleDictionary - getRandomWord Выбрано случайное слово
Подсказка: титла
Ввели: 
WordleGame Первая подсказка
WordleDictionary - getRandomWord Выбрано случайное слово
Подсказка: гусек
Ввели: 
WordleGame Первая подсказка
WordleDictionary - getRandomWord Выбрано случайное слово
Подсказка: кащей
Ввели: 
WordleGame Первая подсказка
Новый запуск игры.
Создан загрузчик словаря
Начинаю загрузку слов из файла: words_ru.txt
WordleDictionaryLoader-readWordsFromFile
Обработано строк: 67763, добавлено слов: 67763
Прочитано строк из файла: 67763
processWords start
Подходящих слов: 4159
После обработки (5 букв): 4139
Словарь создан
Словарь создан
WordleDictionary - getRandomWord Выбрано случайное слово
WordleGame Игра создана
Ввели: 
WordleGame Первая подсказка
WordleDictionary - getRandomWord Выбрано случайное слово
Подсказка: думка
Ввели: думка
WordleGame Попытка 1, думка = -----
Слово - паттерн: думка - -----
Ввели: 
Новый запуск игры.
Создан загрузчик словаря
Начинаю загрузку слов из файла: words_ru.txt
WordleDictionaryLoader-readWordsFromFile
Обработано строк: 67763, добавлено слов: 67763
Прочитано строк из файла: 67763
processWords start
Подходящих слов: 4159
После обработки (5 букв): 4139
Словарь создан
Словарь создан
WordleDictionary - getRandomWord Выбрано случайное слово
WordleGame Игра создана
Ввели: играа
Слово 'играа' не найдено в словаре.
Ввели: фрукт
WordleGame Попытка 1, фрукт = ^^---
Слово - паттерн: фрукт - ^^---
Ввели: 
Новый запуск игры.
Создан загрузчик словаря
Начинаю загрузку слов из файла: words_ru.txt
WordleDictionaryLoader-readWordsFromFile
Обработано строк: 67763, добавлено слов: 67763
Прочитано строк из файла: 67763
processWords start
Подходящих слов: 4159
После обработки (5 букв): 4139
Словарь создан
Словарь создан
WordleDictionary - getRandomWord Выбрано случайное слово
WordleGame Игра создана
Ввели: 
WordleGame Первая подсказка
WordleDictionary - getRandomWord Выбрано случайное слово
Подсказка: таска
Ввели: таска
WordleGame Попытка 1, таска = -----
Слово - паттерн: таска - -----
Ввели: 
Новый запуск игры.
Создан загрузчик словаря
Начинаю загрузку слов из файла: words_ru.txt
WordleDictionaryLoader-readWordsFromFile
Обработано строк: 67763, добавлено слов: 67763
Прочитано строк из файла: 67763
processWords start
Подходящих слов: 4159
После обработки (5 букв): 4139
Словарь создан
Словарь создан
WordleDictionary - getRandomWord Выбрано случайное слово
WordleGame Игра создана
Ввели: 
WordleGame Первая подсказка
WordleDictionary - getRandomWord Выбрано случайное слово
Подсказка: пряха
Ввели: пряха
WordleGame Попытка 1, пряха = ----+
Слово - паттерн: пряха - ----+
Ввели: 
WordleDictionary - filterWordsByPattern Фильтрация по паттерну '----+' для слова 'пряха
WordleDictionary - filterWordsByAllPatterns
WordleGame Подсказка дана.
Подсказка: виола
Ввели: виола
WordleGame Попытка 2, виола = ----+
Слово - паттерн: виола - ----+
Ввели: 
WordleDictionary - filterWordsByPattern Фильтрация по паттерну '----+' для слова 'пряха
WordleDictionary - filterWordsByPattern Фильтрация по паттерну '----+' для слова 'виола
WordleDictionary - filterWordsByAllPatterns
WordleGame Подсказка дана.
Подсказка: немка
Ввели: немка
WordleGame Попытка 3, немка = --+^+
Слово - паттерн: немка - --+^+
Ввели: 
WordleDictionary - filterWordsByPattern Фильтрация по паттерну '----+' для слова 'пряха
WordleDictionary - filterWordsByPattern Фильтрация по паттерну '----+' для слова 'виола
WordleDictionary - filterWordsByPattern Фильтрация по паттерну '--+^+' для слова 'немка
WordleDictionary - filterWordsByAllPatterns
WordleGame Подсказка дана.
Подсказка: кумжа
Ввели: кумжа
WordleGame Попытка 4, кумжа = +-+-+
Слово - паттерн: кумжа - +-+-+
Ввели: 
WordleDictionary - filterWordsByPattern Фильтрация по паттерну '----+' для слова 'пряха
WordleDictionary - filterWordsByPattern Фильтрация по паттерну '----+' для слова 'виола
WordleDictionary - filterWordsByPattern Фильтрация по паттерну '--+^+' для слова 'немка
WordleDictionary - filterWordsByPattern Фильтрация по паттерну '+-+-+' для слова 'кумжа
WordleDictionary - filterWordsByAllPatterns
WordleGame Подсказка дана.
Подсказка: камча
Ввели: камча
WordleGame Победа.
WordleGame Попытка 5, камча = +++++
Слово - паттерн: камча - +++++
Игра завершена.
Загаданное слово: камча
Сделано шагов: 5
Результат: ПОБЕДА
Новый запуск игры.
Создан загрузчик словаря
Начинаю загрузку слов из файла: words_ru.txt
WordleDictionaryLoader-readWordsFromFile
Обработано строк: 67763, добавлено слов: 67763
Прочитано строк из файла: 67763
processWords start
Подходящих слов: 4159
После обработки (5 букв): 4139
Словарь создан
Словарь создан
WordleDictionary - getRandomWord Выбрано случайное слово
WordleGame Игра создана
Ввели: фрукт
WordleGame Попытка 1, фрукт = ---^-
Слово - паттерн: фрукт - ---^-
Ввели: катер
WordleGame Попытка 2, катер = +----
Слово - паттерн: катер - +----
Ввели: 
WordleDictionary - filterWordsByPattern Фильтрация по паттерну '---^-' для слова 'фрукт
WordleDictionary - filterWordsByPattern Фильтрация по паттерну '+----' для слова 'катер
WordleDictionary - filterWordsByAllPatterns
WordleGame Подсказка дана.
Подсказка: коблы
Ввели: 
WordleDictionary - filterWordsByPattern Фильтрация по паттерну '---^-' для слова 'фрукт
WordleDictionary - filterWordsByPattern Фильтрация по паттерну '+----' для слова 'катер
WordleDictionary - filterWordsByAllPatterns
WordleGame Подсказка дана.
Подсказка: козны
Ввели: козны
WordleGame Попытка 3, козны = ++^-^
Слово - паттерн: козны - ++^-^
Ввели: колыз
Слово 'колыз' не найдено в словаре.
Ввели: 
WordleDictionary - filterWordsByPattern Фильтрация по паттерну '---^-' для слова 'фрукт
WordleDictionary - filterWordsByPattern Фильтрация по паттерну '+----' для слова 'катер
WordleDictionary - filterWordsByPattern Фильтрация по паттерну '++^-^' для слова 'козны
WordleDictionary - filterWordsByAllPatterns
WordleGame Подсказка дана.
Подсказка: кобыз
Ввели: кобыз
WordleGame Победа.
WordleGame Попытка 4, кобыз = +++++
Слово - паттерн: кобыз - +++++
Игра завершена.
Загаданное слово: кобыз
Сделано шагов: 4
Результат: ПОБЕДА
Новый запуск игры.
Создан загрузчик словаря
Начинаю загрузку слов из файла: words_ru.txt
WordleDictionaryLoader-readWordsFromFile
Обработано строк: 67763, добавлено слов: 67763
Прочитано строк из файла: 67763
processWords start
Подходящих слов: 4159
После обработки (5 букв): 4139
Словарь создан
Словарь создан
WordleDictionary - getRandomWord Выбрано случайное слово
WordleGame Игра создана
Ввели: 
WordleGame Первая подсказка
WordleDictionary - getRandomWord Выбрано случайное слово
Подсказка: бугор
Ввели: бугор
WordleGame Попытка1, бугор = -----
Слово - паттерн: бугор - -----
Ввели: 
WordleDictionary - filterWordsByPattern Фильтрация по паттерну '-----' для слова 'бугор
WordleDictionary - filterWordsByAllPatterns
WordleGame Подсказка дана.
Подсказка: нахал
Ввели: нахал
WordleGame Попытка2, нахал = -^--^
Слово - паттерн: нахал - -^--^
Ввели: 
WordleDictionary - filterWordsByPattern Фильтрация по паттерну '-----' для слова 'бугор
WordleDictionary - filterWordsByPattern Фильтрация по паттерну '-^--^' для слова 'нахал
WordleDictionary - filterWordsByAllPatterns
WordleGame Подсказка дана.
Подсказка: сплав
Ввели: сплав
WordleGame Попытка3, сплав = +-^^-
Слово - паттерн: сплав - +-^^-
Ввели: 
WordleDictionary - filterWordsByPattern Фильтрация по паттерну '-----' для слова 'бугор
WordleDictionary - filterWordsByPattern Фильтрация по паттерну '-^--^' для слова 'нахал
WordleDictionary - filterWordsByPattern Фильтрация по паттерну '+-^^-' для слова 'сплав
WordleDictionary - filterWordsByAllPatterns
WordleGame Подсказка дана.
Подсказка: сталь
Ввели: сталь
WordleGame Попытка4, сталь = +-+^-
Слово - паттерн: сталь - +-+^-
Ввели: 
WordleDictionary - filterWordsByPattern Фильтрация по паттерну '-----' для слова 'бугор
WordleDictionary - filterWordsByPattern Фильтрация по паттерну '-^--^' для слова 'нахал
WordleDictionary - filterWordsByPattern Фильтрация по паттерну '+-^^-' для слова 'сплав
WordleDictionary - filterWordsByPattern Фильтрация по паттерну '+-+^-' для слова 'сталь
WordleDictionary - filterWordsByAllPatterns
WordleGame Подсказка дана.
Подсказка: слайд
Ввели: слайд
WordleGame Победа.
WordleGame Попытка5, слайд = +++++
Новый запуск игры.
Создан загрузчик словаря
Начинаю загрузку слов из файла: words_ru.txt
WordleDictionaryLoader-readWordsFromFile
Обработано строк: 67763, добавлено слов: 67763
Прочитано строк из файла: 67763
processWords start
Подходящих слов: 4159
После обработки (5 букв): 4139
Словарь создан
Словарь создан
WordleDictionary - getRandomWord Выбрано случайное слово
WordleGame Игра создана
Ввели: 
WordleGame Первая подсказка
WordleDictionary - getRandomWord Выбрано случайное слово
Подсказка: фляер
Ввели: фляер
WordleGame Попытка1, фляер = ----^
Слово - паттерн: фляер - ----^
Ввели: 
WordleGame Умная подсказка дана
Подсказка: индий
Ввели: индий
WordleGame Попытка2, индий = -----
Слово - паттерн: индий - -----
Ввели: 
WordleGame Умная подсказка дана
Подсказка: шасла
Ввели: шасла
WordleGame Попытка3, шасла = -^---
Слово - паттерн: шасла - -^---
Ввели: 
WordleGame Умная подсказка дана
Подсказка: сомик
Ввели: сомик
WordleGame Попытка4, сомик = -^---
Слово - паттерн: сомик - -^---
Ввели: 
WordleGame Умная подсказка дана
Подсказка: плева
Ввели: плева
WordleGame Попытка5, плева = ----^
Слово - паттерн: плева - ----^
Ввели: 
WordleGame Умная подсказка дана
Подсказка: рулет
Ввели: рулет
WordleGame Проигрыш.
WordleGame Попытка6, рулет = ^----
Новый запуск игры.
Создан загрузчик словаря
Начинаю загрузку слов из файла: words_ru.txt
WordleDictionaryLoader-readWordsFromFile
Обработано строк: 67763, добавлено слов: 67763
Прочитано строк из файла: 67763
processWords start
Подходящих слов: 4159
После обработки (5 букв): 4139
Словарь создан
Словарь создан
WordleDictionary - getRandomWord Выбрано случайное слово
WordleGame Игра создана
Ввели: 
WordleGame Первая подсказка
WordleDictionary - getRandomWord Выбрано случайное слово
Подсказка: пенал
Ввели: пенал
WordleGame Попытка1, пенал = --+^-
Слово - паттерн: пенал - --+^-
Ввели: 
WordleGame Умная подсказка дана
Подсказка: манто
Ввели: манто
WordleGame Попытка2, манто = -^+-^
Слово - паттерн: манто - -^+-^
Ввели: 
WordleGame Умная подсказка дана
Подсказка: канон
Ввели: канон
WordleGame Попытка3, канон = ^^+^-
Слово - паттерн: канон - ^^+^-
Ввели: 
WordleGame Умная подсказка дана
Подсказка: каноэ
Ввели: каноэ
WordleGame Попытка4, каноэ = ^^+^-
Слово - паттерн: каноэ - ^^+^-
Ввели: 
WordleGame Умная подсказка дана
Подсказка: донка
Ввели: донка
WordleGame Попытка5, донка = -++++
Слово - паттерн: донка - -++++
Ввели: 
WordleGame Умная подсказка дана
Подсказка: конка
Ввели: конка
WordleGame Проигрыш.
WordleGame Попытка6, конка = -++++
Новый запуск игры.
Создан загрузчик словаря
Начинаю загрузку слов из файла: words_ru.txt
WordleDictionaryLoader-readWordsFromFile
Обработано строк: 67763, добавлено слов: 67763
Прочитано строк из файла: 67763
processWords start
Подходящих слов: 4159
После обработки (5 букв): 4139
Словарь создан
Словарь создан
WordleDictionary - getRandomWord Выбрано случайное слово
WordleGame Игра создана
Ввели: 
WordleGame Первая подсказка
WordleDictionary - getRandomWord Выбрано случайное слово
Подсказка: самцы
Ввели: самцы
WordleGame Попытка1, самцы = -^---
Слово - паттерн: самцы - -^---
Ввели: 
WordleGame Умная подсказка дана
Подсказка: буква
Ввели: буква
WordleGame Попытка2, буква = ----+
Слово - паттерн: буква - ----+
Ввели: 
WordleGame Умная подсказка дана
Подсказка: глина
Ввели: глина
WordleGame Попытка3, глина = -^^-+
Слово - паттерн: глина - -^^-+
Ввели: 
WordleGame Умная подсказка дана
Подсказка: пиала
Ввели: пиала
WordleGame Попытка4, пиала = -+-++
Слово - паттерн: пиала - -+-++
Ввели: 
WordleGame Умная подсказка дана
Подсказка: титла
Ввели: титла
WordleGame Победа.
WordleGame Попытка5, титла = +++++
Новый запуск игры.
Создан загрузчик словаря
Начинаю загрузку слов из файла: words_ru.txt
WordleDictionaryLoader-readWordsFromFile
Обработано строк: 67763, добавлено слов: 67763
Прочитано строк из файла: 67763
processWords start
Подходящих слов: 4159
После обработки (5 букв): 4139
Словарь создан
Словарь создан
WordleDictionary - getRandomWord Выбрано случайное слово
WordleGame Игра создана
Ввели: 
WordleGame Первая подсказка
WordleDictionary - getRandomWord Выбрано случайное слово
Подсказка: мазня
Ввели: мазня
WordleGame Попытка1, мазня = -+---
Слово - паттерн: мазня - -+---
Ввели: 
WordleGame Умная подсказка дана
Подсказка: парус
Ввели: парус
WordleGame Попытка2, парус = -+--^
Слово - паттерн: парус - -+--^
Ввели: 
WordleGame Умная подсказка дана
Подсказка: часик
Ввели: часик
WordleGame Попытка3, часик = -++-^
Слово - паттерн: часик - -++-^
Ввели: 
WordleGame Умная подсказка дана
Подсказка: каска
Ввели: каска
WordleGame Попытка4, каска = -++++
Слово - паттерн: каска - -++++
Ввели: 
WordleGame Умная подсказка дана
Подсказка: фаска
Ввели: фаска
WordleGame Попытка5, фаска = -++++
Слово - паттерн: фаска - -++++
Ввели: 
WordleGame Умная подсказка дана
Подсказка: таска
Ввели: таска
WordleGame Победа.
WordleGame Попытка6, таска = +++++
